<dataset>
    <PAYMENT amount="1000" />
</dataset>