<dataset>
    <PAYMENT cartNumber="123 else" />
</dataset>