<dataset>
    <WISHLIST dateofcreate="100" />
</dataset>

