<dataset>
    <WISHLIST dateofcreate="101" />
    <WISHLIST dateofcreate="200" />
</dataset>

