<dataset>
    <WISHLIST dateofcreate="200" />
</dataset>

