<dataset>
    <PAYMENT cartNumber="123Updated" />
    <PAYMENT cartNumber="123 else" />
</dataset>